// Jest Snapshot v1, https://goo.gl/fbAQLP

exports[`renders correctly 1`] = `"<header><ul><li><a href=\\"/\\">Logo</a></li><li><a href=\\"/\\">Log In</a></li><li><a href=\\"/\\">Sign up</a></li></ul></header>"`;
