// Jest Snapshot v1, https://goo.gl/fbAQLP

exports[`renders correctly 1`] = `"<div class=\\"MuiContainer-root MuiContainer-fixed MuiContainer-maxWidthLg\\"><p>Asylum Connect</p></div>"`;
